# brewå®‰è£…mysql

## ä¸€ã€æµç¨‹æ¦‚è§ˆ

1. å®‰è£…mysql

   ```mysql
   âœ brew install mysql
   ```

2. ç™»å½•mysql

   ```mysql
   âœ mysql.server start
   ```

3. ä¿®æ”¹å¯†ç åŠåŸºç¡€é…ç½®

   ```mysql
   âœ mysql_secure_installation
   ```



## äºŒã€ç»ˆç«¯å®æ“

```mysql
// å®‰è£…mysql
âœ XiOS git:(**master)** âœ— brew install mysql
Updating Homebrew...
==> Auto-updated Homebrew!
Updated 1 tap (homebrew/core).
==> New Formulae
duckdb                  graphql-cli
==> Updated Formulae
awscli           i2p            opencc
bat            i2pd            paket
bmake           jenkins          passenger
botan           jenv            pdnsrec
catch2           just            phoronix-test-suite
fades           kakoune          pspg
folly           macvim           singular
freeswitch         mdcat           sourcedocs
game-music-emu       mill            sphinx-doc
gh             minizip2          tfenv
git-absorb         mutt            twarc
grafana          nginx           ucloud
helmsman          ngt            velero
hyperfine         node-build         zola
hyperscan         node@12          zookeeper

==> Downloading https://homebrew.bintray.com/bottles/openssl%401.1-1.1.1g.catali
######################################################################## 100.0%
==> Downloading https://homebrew.bintray.com/bottles/protobuf-3.12.1.catalina.bo
==> Downloading from https://akamai.bintray.com/6b/6b13b089c2754bb9df99f2621ea0f
######################################################################## 100.0%
==> Downloading https://homebrew.bintray.com/bottles/mysql-8.0.19_1.catalina.bot
==> Downloading from https://akamai.bintray.com/e5/e5a5455d254260e9ca9821cb9c5e9
######################################################################## 100.0%

==> Installing dependencies for mysql: openssl@1.1 and protobuf
==> Installing mysql dependency: openssl@1.1
==> Pouring openssl@1.1-1.1.1g.catalina.bottle.tar.gz
==> Caveats

A CA file has been bootstrapped using certificates from the system
keychain. To add additional certificates, place .pem files in
 /usr/local/etc/openssl@1.1/certs

and run
 /usr/local/opt/openssl@1.1/bin/c_rehash

openssl@1.1 is keg-only, which means it was not symlinked into /usr/local,
because macOS provides LibreSSL.

If you need to have openssl@1.1 first in your PATH run:
 echo 'export PATH="/usr/local/opt/openssl@1.1/bin:$PATH"' >> ~/.zshrc

For compilers to find openssl@1.1 you may need to set:
 export LDFLAGS="-L/usr/local/opt/openssl@1.1/lib"
 export CPPFLAGS="-I/usr/local/opt/openssl@1.1/include"

For pkg-config to find openssl@1.1 you may need to set:
 export PKG_CONFIG_PATH="/usr/local/opt/openssl@1.1/lib/pkgconfig"

==> Summary
ğŸº /usr/local/Cellar/openssl@1.1/1.1.1g: 8,059 files, 18MB
==> Installing mysql dependency: protobuf
==> Pouring protobuf-3.12.1.catalina.bottle.tar.gz
ğŸº /usr/local/Cellar/protobuf/3.12.1: 270 files, 19.8MB
==> Installing mysql
==> Pouring mysql-8.0.19_1.catalina.bottle.tar.gz
==> /usr/local/Cellar/mysql/8.0.19_1/bin/mysqld --initialize-insecure --user=lio
==> Caveats

We've installed your MySQL database without a root password. To secure it run:
  mysql_secure_installation

MySQL is configured to only allow connections from localhost by default

To connect run:
  mysql -uroot

To have launchd start mysql now and restart at login:
 brew services start mysql

Or, if you don't want/need a background service you can just run:
 mysql.server start

==> Summary
ğŸº /usr/local/Cellar/mysql/8.0.19_1: 286 files, 288.8MB
==> Caveats
==> openssl@1.1
A CA file has been bootstrapped using certificates from the system
keychain. To add additional certificates, place .pem files in
 /usr/local/etc/openssl@1.1/certs

and run
 /usr/local/opt/openssl@1.1/bin/c_rehash

openssl@1.1 is keg-only, which means it was not symlinked into /usr/local,
because macOS provides LibreSSL.

If you need to have openssl@1.1 first in your PATH run:
 echo 'export PATH="/usr/local/opt/openssl@1.1/bin:$PATH"' >> ~/.zshrc

For compilers to find openssl@1.1 you may need to set:
 export LDFLAGS="-L/usr/local/opt/openssl@1.1/lib"
 export CPPFLAGS="-I/usr/local/opt/openssl@1.1/include"

For pkg-config to find openssl@1.1 you may need to set:

 export PKG_CONFIG_PATH="/usr/local/opt/openssl@1.1/lib/pkgconfig"

==> mysql
We've installed your MySQL database without a root password. To secure it run:
  mysql_secure_installation

MySQL is configured to only allow connections from localhost by default

To connect run:
  mysql -uroot

To have launchd start mysql now and restart at login:
 brew services start mysql

Or, if you don't want/need a background service you can just run:
 mysql.server start


// å¯åŠ¨mysql
âœ XiOS git:(**master)** âœ— mysql.server start
Starting MySQL
.. SUCCESS! 

// ä¿®æ”¹å¯†ç 
âœ XiOS git:(**master)** âœ— mysql_secure_installation

Securing the MySQL server deployment.

Connecting to MySQL using a blank password.

VALIDATE PASSWORD COMPONENT can be used to test passwords
and improve security. It checks the strength of password
and allows the users to set only those passwords which are
secure enough. Would you like to setup VALIDATE PASSWORD component?

// æ˜¯å¦æŸ¥çœ‹å¯†ç éªŒè¯ç­–ç•¥
Press y|Y for Yes, any other key for No: Y

There are three levels of password validation policy:
LOW  Length >= 8
MEDIUM Length >= 8, numeric, mixed case, and special characters
STRONG Length >= 8, numeric, mixed case, special characters and dictionary         file

// è¿™é‡Œæç¤ºé€‰ä¸€ä¸ªå¯†ç å¼ºåº¦ç­‰çº§
Please enter 0 = LOW, 1 = MEDIUM and 2 = STRONG: 0
Please set the password for root here.

New password: 
Re-enter new password: 

Estimated strength of the password: 25 

Do you wish to continue with the password provided?(Press y|Y for Yes, any other key for No) : Y

// ç”±äºæˆ‘è¾“å…¥å¯†ç ï¼š123456ï¼Œå¹¶æœªè¾¾åˆ°å…¶æœ€ä½å¯†ç æ ‡å‡† >= 8
 ... Failed! Error: Your password does not satisfy the current policy requirements

New password: 
Re-enter new password: 

Estimated strength of the password: 50 

// æ‚¨å¸Œæœ›ç»§ç»­ä½¿ç”¨æä¾›çš„å¯†ç å—ï¼Ÿå†æ¬¡ç¡®è®¤ä½¿ç”¨è¾“å…¥çš„å¯†ç ã€‚
Do you wish to continue with the password provided?(Press y|Y for Yes, any other key for No) : Y


By default, a MySQL installation has an anonymous user,
allowing anyone to log into MySQL without having to have
a user account created for them. This is intended only for
testing, and to make the installation go a bit smoother.
You should remove them before moving into a production
environment.

// æ˜¯å¦ç§»é™¤é»˜è®¤æ— å¯†ç ç”¨æˆ·
Remove anonymous users? (Press y|Y for Yes, any other key for No) : Y
Success.


Normally, root should only be allowed to connect from
'localhost'. This ensures that someone cannot guess at
the root password from the network.

// æ˜¯å¦ç¦æ­¢è¿œç¨‹rootç™»å½•ï¼Œæˆ‘é€‰çš„æ˜¯ä¸ç¦æ­¢ Nã€‚
Disallow root login remotely? (Press y|Y for Yes, any other key for No) : N
 ... skipping.


By default, MySQL comes with a database named 'test' that
anyone can access. This is also intended only for testing,
and should be removed before moving into a production
environment.

// æ˜¯å¦åˆ é™¤é»˜è®¤è‡ªå¸¦çš„testæ•°æ®åº“
Remove test database and access to it? (Press y|Y for Yes, any other key for No) : Y
 - Dropping test database...
Success.
 - Removing privileges on test database...
Success.


Reloading the privilege tables will ensure that all changes
made so far will take effect immediately.

// æ˜¯å¦ç«‹åˆ»é‡æ–°åŠ è½½ç‰¹æƒè¡¨
Reload privilege tables now? (Press y|Y for Yes, any other key for No) : Y
Success.


All done! 
```



## ä¸‰ã€ç»ˆç«¯ä½¿ç”¨MySQL

### 3.0ã€æŸ¥çœ‹ç‰ˆæœ¬ & ç¯å¢ƒå˜é‡

```mysql
âœ  ~ mysql --version
mysql  Ver 8.0.19 for osx10.15 on x86_64 (Homebrew)
```

è‹¥æ‰¾ä¸åˆ°mysqlå‘½ä»¤ï¼Œåˆ™

1. è¿›å…¥MySQLå®‰è£…ç›®å½•è¿è¡Œï¼›
2. æ·»åŠ ç¯å¢ƒå˜é‡ï¼›



### 3.1ã€å¼€å¯ã€åœæ­¢ã€é‡å¯MySQLæœåŠ¡

```mysql
// å¼€å¯
âœ  ~ mysql.server start
Starting MySQL
. SUCCESS!
 
// åœæ­¢
âœ  ~ mysql.server stop
Shutting down MySQL
. SUCCESS!

// é‡å¯ã€æ¨èã€‘ï¼šå…ˆåœæ­¢ï¼Œå†å¼€å¯
âœ  ~ mysql.server restart
Shutting down MySQL
.. SUCCESS!
Starting MySQL
. SUCCESS!
```



### 3.2ã€ç™»å½•/é€€å‡ºMySQL

```mysql
âœ  ~ mysql -u root -p
Enter password:
Welcome to the MySQL monitor.  Commands end with ; or \g.
Your MySQL connection id is 8
Server version: 8.0.19 Homebrew

Copyright (c) 2000, 2020, Oracle and/or its affiliates. All rights reserved.

Oracle is a registered trademark of Oracle Corporation and/or its
affiliates. Other names may be trademarks of their respective
owners.

Type 'help;' or '\h' for help. Type '\c' to clear the current input statement.

mysql> \q					// é€€å‡ºæ–¹å¼ä¸€
Bye

mysql> exit				// é€€å‡ºæ–¹å¼äºŒ
Bye

mysql> quit				// é€€å‡ºæ–¹å¼ä¸‰
Bye
```



### 3.3ã€è¿›å…¥MySQLæŸ¥çœ‹å¸®åŠ©

```mysql
mysql> \?				// æŸ¥çœ‹mysqlå¸®åŠ©æ–¹å¼ä¸€

mysql> \h				// æŸ¥çœ‹mysqlå¸®åŠ©æ–¹å¼äºŒ

mysql> \help		// æŸ¥çœ‹mysqlå¸®åŠ©æ–¹å¼ä¸‰

For information about MySQL products and services, visit:
   http://www.mysql.com/
For developer information, including the MySQL Reference Manual, visit:
   http://dev.mysql.com/
To buy MySQL Enterprise support, training, or other products, visit:
   https://shop.mysql.com/

List of all MySQL commands:
Note that all text commands must be first on line and end with ';'
?         (\?) Synonym for `help'.
clear     (\c) Clear the current input statement.
connect   (\r) Reconnect to the server. Optional arguments are db and host.
delimiter (\d) Set statement delimiter.
edit      (\e) Edit command with $EDITOR.
ego       (\G) Send command to mysql server, display result vertically.
exit      (\q) Exit mysql. Same as quit.
go        (\g) Send command to mysql server.
help      (\h) Display this help.
nopager   (\n) Disable pager, print to stdout.
notee     (\t) Don't write into outfile.
pager     (\P) Set PAGER [to_pager]. Print the query results via PAGER.
print     (\p) Print current command.
prompt    (\R) Change your mysql prompt.
quit      (\q) Quit mysql.
rehash    (\#) Rebuild completion hash.
source    (\.) Execute an SQL script file. Takes a file name as an argument.
status    (\s) Get status information from the server.
system    (\!) Execute a system shell command.
tee       (\T) Set outfile [to_outfile]. Append everything into given outfile.
use       (\u) Use another database. Takes database name as argument.
charset   (\C) Switch to another charset. Might be needed for processing binlog with multi-byte charsets.
warnings  (\W) Show warnings after every statement.
nowarning (\w) Don't show warnings after every statement.
resetconnection(\x) Clean session context.

For server side help, type 'help contents'
```



## å››ã€æ•°æ®åº“æ“ä½œ

### 4.1ã€æŸ¥çœ‹æ•°æ®åº“

```mysql
mysql> show databases;
+--------------------+
| Database           |
+--------------------+
| information_schema |
| mysql              |
| performance_schema |
| sys                |
+--------------------+
4 rows in set (0.00 sec)
```



### 4.2ã€åˆ›å»ºæ•°æ®åº“

```mysql
mysql> create database LX_DB;
Query OK, 1 row affected (0.00 sec)

// æŸ¥çœ‹æ˜¯å¦å­˜åœ¨
mysql> show databases;
+--------------------+
| Database           |
+--------------------+
| information_schema |
| LX_DB              |
| mysql              |
| performance_schema |
| sys                |
+--------------------+
5 rows in set (0.00 sec)
```



###4.3ã€åˆ é™¤æ•°æ®åº“ 

```mysql
mysql> drop database LX_DB;
Query OK, 0 rows affected (0.01 sec)

// æŸ¥çœ‹æ˜¯å¦å·²ç»åˆ é™¤
mysql> show databases;
+--------------------+
| Database           |
+--------------------+
| information_schema |
| mysql              |
| performance_schema |
| sys                |
+--------------------+
4 rows in set (0.00 sec)
```



### 4.4ã€ä½¿ç”¨æ•°æ®åº“

```mysql
mysql> use LX_DB;
Database changed
```



## äº”ã€è¡¨æ“ä½œ

### 5.1ã€åˆ›å»ºè¡¨

```mysql
mysql> create table firstTable(personId int, name varchar(20));
Query OK, 0 rows affected (0.01 sec)
```



### 5.2ã€æŸ¥çœ‹æ‰€æœ‰è¡¨

```mysql
mysql> show tables;
+-----------------+
| Tables_in_lx_db |
+-----------------+
| firstTable      |
+-----------------+
1 row in set (0.00 sec)
```



### 5.3ã€æŸ¥çœ‹è¡¨çš„ç»“æ„

```mysql
mysql> desc firstTable;
+----------+-------------+------+-----+---------+-------+
| Field    | Type        | Null | Key | Default | Extra |
+----------+-------------+------+-----+---------+-------+
| personId | int         | YES  |     | NULL    |       |
| name     | varchar(20) | YES  |     | NULL    |       |
+----------+-------------+------+-----+---------+-------+
2 rows in set (0.00 sec)
```



### 5.4ã€åˆ é™¤è¡¨

```mysql
mysql> drop table firstTable;
Query OK, 0 rows affected (0.01 sec)
```



### 5.5ã€å¤åˆ¶è¡¨

> create table æ–°è¡¨å like è¢«å¤åˆ¶çš„è¡¨å;

```mysql
mysql> create table secondTable like firstTable;
Query OK, 0 rows affected (0.01 sec)

// æŸ¥çœ‹ï¼Œå¤åˆ¶æˆåŠŸ
mysql> show tables;
+-----------------+
| Tables_in_lx_db |
+-----------------+
| firstTable      |
| secondTable     |
+-----------------+
2 rows in set (0.00 sec)
```



### 5.6ã€è¡¨æ·»åŠ æ–°åˆ—

> alter table è¡¨å add å­—æ®µåç§° å­—æ®µç±»å‹;

```mysql
mysql> alter table firstTable add age int;
Query OK, 0 rows affected (0.01 sec)
Records: 0  Duplicates: 0  Warnings: 0

// æŸ¥çœ‹è¡¨ç»“æ„
mysql> desc firstTable;
+----------+-------------+------+-----+---------+-------+
| Field    | Type        | Null | Key | Default | Extra |
+----------+-------------+------+-----+---------+-------+
| personId | int         | YES  |     | NULL    |       |
| name     | varchar(20) | YES  |     | NULL    |       |
| age      | int         | YES  |     | NULL    |       |
+----------+-------------+------+-----+---------+-------+
3 rows in set (0.00 sec)
```



## å…­ã€æ•°æ®æ“ä½œ

### 6.1ã€æŸ¥è¯¢æ•°æ®

> select * from è¡¨å;		 // æŸ¥è¯¢å…¨éƒ¨
>
> select * from è¡¨å where age = 35; 		// æ¡ä»¶æŸ¥è¯¢

```mysql
mysql> select * from firstTable;
+----------+---------+------+
| personId | name    | age  |
+----------+---------+------+
|       20 | lionson | NULL |
+----------+---------+------+
1 row in set (0.00 sec)


mysql> select * from firstTable where personId = 20;
+----------+---------+------+
| personId | name    | age  |
+----------+---------+------+
|       20 | lionson | NULL |
+----------+---------+------+
1 row in set (0.00 sec)
```



### 6.2ã€æ’å…¥æ•°æ®

> insert into è¡¨æ˜ (å­—æ®µ1, å­—æ®µ2....) values (å€¼1,å€¼2....);

```mysql
mysql> insert into firstTable (personId, name) values (20,"lionson");
Query OK, 1 row affected (0.00 sec)
```



### 6.3ã€åˆ é™¤æ•°æ®

> delete from è¡¨å where age = 24;

```mysql
mysql> delete from firstTable where age = 24;
Query OK, 1 row affected (0.00 sec)

// æŸ¥çœ‹æ•°æ®æ˜¯å¦è¢«åˆ é™¤
mysql> select * from firstTable;
Empty set (0.00 sec)
```

### 6.4ã€æ›´æ”¹æ•°æ®

> update è¡¨å set name = "Lucy", age = 24 where personId = 20;

```mysql
mysql> update firstTable set name = "Lucy", age = 24 where personId = 20;
Query OK, 1 row affected (0.00 sec)
Rows matched: 1  Changed: 1  Warnings: 0

// æŸ¥çœ‹è¡¨æ•°æ®
mysql> select * from firstTable;
+----------+------+------+
| personId | name | age  |
+----------+------+------+
|       20 | Lucy |   24 |
+----------+------+------+
1 row in set (0.00 sec)
```





## ä¸ƒã€æ•°æ®åº“ç”¨æˆ·æ“ä½œ

### 1ã€æŸ¥çœ‹ç”¨æˆ·åˆ—è¡¨

æŸ¥çœ‹ç”¨æˆ·å¹¶æ²¡æœ‰ç›´æ¥çš„SQLè¯­å¥ï¼Œè€Œæ˜¯è¿›å…¥ **mysqlæ•°æ®åº“çš„userè¡¨**ï¼ˆè¿™ä¸ªmysqlåº“å’Œuserè¡¨éƒ½æ˜¯ä¸€å¼€å§‹å°±æœ‰çš„ï¼‰ï¼Œç›´æ¥ç”¨ select * from userï¼›

```mysql
// æŸ¥çœ‹ç”¨æˆ·åˆ—è¡¨ä¸­ä¿¡æ¯
mysql> SELECT User, Host, plugin FROM mysql.user;
+------------------+-----------+-----------------------+
| User             | Host      | plugin                |
+------------------+-----------+-----------------------+
| mysql.infoschema | localhost | caching_sha2_password |
| mysql.session    | localhost | caching_sha2_password |
| mysql.sys        | localhost | caching_sha2_password |
| root             | localhost | mysql_native_password |
+------------------+-----------+-----------------------+
4 rows in set (0.00 sec)
```

æˆ–ï¼Œåˆ‡æ¢åˆ°mysqlæ•°æ®åº“

```mysql
// 1.åˆ‡æ¢åˆ°mysqlæ•°æ®åº“
mysql> use mysql;
Reading table information for completion of table and column names
You can turn off this feature to get a quicker startup with -A

Database changed

// 2.æŸ¥çœ‹userè¡¨ä¸­userå­—æ®µ
mysql> select user from user;
+------------------+
| user             |
+------------------+
| mysql.infoschema |
| mysql.session    |
| mysql.sys        |
| root             |
+------------------+
4 rows in set (0.00 sec)
```

### 2ã€åˆ›å»ºæ–°ç”¨æˆ·

> CREATE USER <name> IDENTIFIED BY <password>;

```mysql
mysql> create user linx identified by '1111';
ERROR 1819 (HY000): Your password does not satisfy the current policy requirements
```

è‹¥é‡åˆ°å¯†ç æ ¡éªŒä¸é€šè¿‡ï¼Œåˆ™æŸ¥çœ‹ ã€åã€æŸ¥çœ‹å¯†ç æ ¡éªŒ & ä¿®æ”¹å¯†ç æ ¡éªŒã€‘

```mysql
// å†æ¬¡æŸ¥çœ‹mysqlæ•°æ®åº“ä¸­userè¡¨
mysql> select user from mysql.user;
+------------------+
| user             |
+------------------+
| linx             |
| mysql.infoschema |
| mysql.session    |
| mysql.sys        |
| root             |
+------------------+
5 rows in set (0.00 sec)
```

### 3ã€æ›´æ”¹ç”¨æˆ·å

> RENAME USER <oldname> to <newname>;

```mysql
mysql> rename user linx to linxiang;
Query OK, 0 rows affected (0.00 sec)

// å†æ¬¡æŸ¥çœ‹ï¼Œä¿®æ”¹æˆåŠŸï¼
mysql> select user from mysql.user;
+------------------+
| user             |
+------------------+
| linxiang         |
| mysql.infoschema |
| mysql.session    |
| mysql.sys        |
| root             |
+------------------+
5 rows in set (0.00 sec)
```

### 4ã€åˆ é™¤ç”¨æˆ·

> DROP USER <name>;

```mysql
mysql> drop user linxiang;
Query OK, 0 rows affected (0.00 sec)

// å†æ¬¡æŸ¥çœ‹ï¼Œåˆ é™¤æˆåŠŸï¼ï¼
mysql> select user from mysql.user;
+------------------+
| user             |
+------------------+
| mysql.infoschema |
| mysql.session    |
| mysql.sys        |
| root             |
+------------------+
4 rows in set (0.00 sec)
```

### 5ã€æ›´æ”¹å¯†ç 

* æ–¹æ³•ä¸€ã€å¤±è´¥ã€‘ï¼šSET PASSWORD

```mysql
mysql> set password for linx = password('1234');
ERROR 1064 (42000): You have an error in your SQL syntax; check the manual that corresponds to your MySQL server version for the right syntax to use near 'password('1234')' at line 1
```

* æ–¹æ³•äºŒã€æˆåŠŸã€‘ï¼šALTER USER

```mysql
// Rootä¿®æ”¹rootå¯†ç 
mysql> ALTER USER 'root'@'localhost' IDENTIFIED BY '1111';
Query OK, 0 rows affected (0.01 sec)

// Rootä¿®æ”¹linxç”¨æˆ·å¯†ç 
mysql> ALTER USER 'linx'@'%' IDENTIFIED by '1234';
Query OK, 0 rows affected (0.01 sec)
```

### 6ã€æŸ¥çœ‹ç”¨æˆ·æƒé™

> SHOW GRANTS FOR <name>;

```mysql
mysql> show grants for linx;
+----------------------------------+
| Grants for linx@%                |
+----------------------------------+
| GRANT USAGE ON *.* TO `linx`@`%` |
+----------------------------------+
1 row in set (0.00 sec)
```

### 7ã€è®¾ç½®ç”¨æˆ·æƒé™

> GRANT <æ“ä½œ: SELECT, INSERT,UPDATE, ALL> ON <database . tablename> TO <name>;

```mysql
mysql> Grant select on LX_DB.first to linx;
ERROR 1146 (42S02): Table 'lx_db.first' doesn't exist
mysql> Grant select on LX_DB.firstTable to linx;
Query OK, 0 rows affected (0.01 sec)

// å†æ¬¡æŸ¥çœ‹æƒé™ï¼Œè®¾ç½®æˆåŠŸï¼
mysql> show grants for linx;
+----------------------------------------------------+
| Grants for linx@%                                  |
+----------------------------------------------------+
| GRANT USAGE ON *.* TO `linx`@`%`                   |
| GRANT SELECT ON `lx_db`.`firsttable` TO `linx`@`%` |
+----------------------------------------------------+
2 rows in set (0.00 sec)
```

### 8ã€ç§»é™¤ç”¨æˆ·æƒé™

> REVOKE <æ“ä½œ: SELECT, INSERT,UPDATE, ALL> ON <database . tablename> FROM <name>;

```mysql
// ç§»é™¤æ•°æ®åº“æ‰€æœ‰è¡¨æƒé™ï¼Œå¤±è´¥ï¼å› ä¸ºåˆšåˆšåªæœ‰firstTableè¡¨æƒé™ï¼Œå¹¶æ— å…¨éƒ¨è¡¨æƒé™ã€‚
mysql> revoke select on lx_db.* from linx;
ERROR 1141 (42000): There is no such grant defined for user 'linx' on host '%'
// ç§»é™¤lx_dbæ•°æ®åº“ä¸­firsttableè¡¨æƒé™ã€‚
mysql> revoke select on lx_db.firsttable from linx;
Query OK, 0 rows affected (0.01 sec)

// å†æ¬¡æŸ¥çœ‹ï¼Œç§»é™¤æˆåŠŸ
mysql> show grants for linx;
+----------------------------------+
| Grants for linx@%                |
+----------------------------------+
| GRANT USAGE ON *.* TO `linx`@`%` |
+----------------------------------+
1 row in set (0.00 sec)
```



## å…«ã€æŸ¥çœ‹å¯†ç ç­–ç•¥ & ä¿®æ”¹å¯†ç ç­–ç•¥å’ŒAuthentication Plugin

```mysql
// rootè¿›å…¥æ•°æ®åº“
âœ mysql -u root -p 	
```

### 1ã€æŸ¥çœ‹å¯†ç ç­–ç•¥

```mysql
mysql> SHOW VARIABLES LIKE 'validate_password%';
+--------------------------------------+--------+
| Variable_name                        | Value  |
+--------------------------------------+--------+
| validate_password.check_user_name    | ON     |
| validate_password.dictionary_file    |        |
| validate_password.length             | 8      |
| validate_password.mixed_case_count   | 1      |
| validate_password.number_count       | 1      |
| validate_password.policy             | MEDIUM |
| validate_password.special_char_count | 1      |
+--------------------------------------+--------+
7 rows in set (0.01 sec)
```

### 2ã€ä¿®æ”¹å¯†ç ç­–ç•¥

>  å°† `validate_password.policy ` æ”¹ä¸ºLOWï¼Œ`validate_password.length` æ”¹ä¸º4

```mysql
mysql> set global validate_password.policy=0;		// è®¾ç½®å¯†ç ç­–ç•¥ï¼ŒLOW
Query OK, 0 rows affected (0.00 sec)

mysql> set global validate_password.length=4;  // è®¾ç½®å¯†ç é•¿åº¦
Query OK, 0 rows affected (0.00 sec)

mysql> FLUSH PRIVILEGES;				// ä½¿æ›´æ–°çš„æƒé™è¡¨åŠ è½½åˆ°å†…å­˜ä¸­
Query OK, 0 rows affected (0.00 sec)

// æŸ¥çœ‹æ˜¯å¦ä¿®æ”¹æˆåŠŸ
mysql> SHOW VARIABLES LIKE 'validate_password%';
+--------------------------------------+-------+
| Variable_name                        | Value |
+--------------------------------------+-------+
| validate_password.check_user_name    | ON    |
| validate_password.dictionary_file    |       |
| validate_password.length             | 4     |
| validate_password.mixed_case_count   | 1     |
| validate_password.number_count       | 1     |
| validate_password.policy             | LOW   |
| validate_password.special_char_count | 1     |
+--------------------------------------+-------+
7 rows in set (0.00 sec)
```

### 3ã€ä¿®æ”¹å¯†ç è§„åˆ™ä¸­çš„Authentication Plugin

> å°äºmysql8ç‰ˆæœ¬ï¼šAuthentication Plugin = mysql_native_password
>
> å¤§äºmysql8ç‰ˆæœ¬ï¼šAuthentication Plugin = caching_sha2_password
>
> 
>
> æ‰€ä»¥è¿™é‡Œä¿®æ”¹Authentication Pluginï¼Œæ”¹ä¸ºï¼šmysql_native_password ï¼ˆå°äºmysql8ç‰ˆæœ¬ï¼‰

```mysql
// ä¿®æ”¹å¯†ç è§„åˆ™ï¼ŒåŒæ—¶å¿…é¡»ä¿®æ”¹å¯†ç ï¼Œè‹¥ä¸åŠ ã€BY '123456'ã€ï¼Œåˆ™é»˜è®¤å¯†ç ä¸ºç©ºã€‚
mysql> ALTER USER 'root'@'localhost' IDENTIFIED WITH mysql_native_password BY '123456';
Query OK, 0 rows affected (0.00 sec)

mysql> FLUSH PRIVILEGES;				// ä½¿æ›´æ–°çš„æƒé™è¡¨åŠ è½½åˆ°å†…å­˜ä¸­
Query OK, 0 rows affected (0.00 sec)

// æŸ¥çœ‹ç”¨æˆ·åˆ—è¡¨ä¸­ä¿¡æ¯
mysql> SELECT User, Host,plugin FROM mysql.user;
+------------------+-----------+-----------------------+
| User             | Host      | plugin                |
+------------------+-----------+-----------------------+
| mysql.infoschema | localhost | caching_sha2_password |
| mysql.session    | localhost | caching_sha2_password |
| mysql.sys        | localhost | caching_sha2_password |
| root             | localhost | mysql_native_password |
+------------------+-----------+-----------------------+
4 rows in set (0.00 sec)
```



## ä¹ã€æŸ¥çœ‹MySQLç›¸å…³å‚æ•°

### 1ã€é€šè¿‡æŸ¥çœ‹datadirç³»ç»Ÿå˜é‡æ¥æŸ¥çœ‹æ•°æ®ç›®å½•

> show variables like 'datadir';		// ç›´æ¥æœç´¢datadir
>
> show variables like '%dir%';		 // æ¨¡ç³Šæœç´¢dir



```mysql
mysql> show variables like 'datadir';
+---------------+-----------------------+
| Variable_name | Value                 |
+---------------+-----------------------+
| datadir       | /usr/local/var/mysql/ |
+---------------+-----------------------+
1 row in set (0.01 sec)
```



```mysql
mysql> show variables like '%dir%';
+-----------------------------------------+--------------------------------------------------------+
| Variable_name                           | Value                                                  |
+-----------------------------------------+--------------------------------------------------------+
| basedir                                 | /usr/local/Cellar/mysql/8.0.19_1/                      |
| binlog_direct_non_transactional_updates | OFF                                                    |
| character_sets_dir                      | /usr/local/Cellar/mysql/8.0.19_1/share/mysql/charsets/ |
| datadir                                 | /usr/local/var/mysql/                                  |
| innodb_data_home_dir                    |                                                        |
| innodb_directories                      |                                                        |
| innodb_log_group_home_dir               | ./                                                     |
| innodb_max_dirty_pages_pct              | 90.000000                                              |
| innodb_max_dirty_pages_pct_lwm          | 10.000000                                              |
| innodb_redo_log_archive_dirs            |                                                        |
| innodb_temp_tablespaces_dir             | ./#innodb_temp/                                        |
| innodb_tmpdir                           |                                                        |
| innodb_undo_directory                   | ./                                                     |
| lc_messages_dir                         | /usr/local/Cellar/mysql/8.0.19_1/share/mysql/          |
| plugin_dir                              | /usr/local/Cellar/mysql/8.0.19_1/lib/plugin/           |
| slave_load_tmpdir                       | /var/folders/45/t26gth1x3rq_z1r0b3z00h8r0000gp/T/      |
| tmpdir                                  | /var/folders/45/t26gth1x3rq_z1r0b3z00h8r0000gp/T/      |
+-----------------------------------------+--------------------------------------------------------+
17 rows in set (0.01 sec)
```



### 2ã€æŸ¥çœ‹MySQLç«¯å£å·

```mysql
mysql> show global variables like 'port';
+---------------+-------+
| Variable_name | Value |
+---------------+-------+
| port          | 3306  |
+---------------+-------+
1 row in set (0.01 sec)
```



## åã€Navicat Premium

### 1ã€ã€ç°è±¡ã€‘Navicatè¿æ¥MySQLå¤±è´¥ - åŠ å¯†ç±»å‹æ›´æ”¹

[stackoverflow - è§£å†³æ–¹æ¡ˆ](https://stackoverflow.com/questions/50169576/mysql-8-0-11-error-connect-to-caching-sha2-password-the-specified-module-could-n)

![img](media_MySQL/001.png)

### 2ã€ã€åŸå› ã€‘

å‘ç°è¿™ä¸ªé”™è¯¯å‡ºç°çš„åŸå› æ˜¯åœ¨mysql8ä¹‹å‰çš„ç‰ˆæœ¬ä¸­åŠ å¯†è§„åˆ™ä¸º **mysql_native_password**ï¼Œè€Œåœ¨mysql8ä»¥åçš„åŠ å¯†è§„åˆ™ä¸º **caching_sha2_password**ã€‚

### 3ã€ã€è§£å†³æ­¥éª¤ã€‘

- æŸ¥çœ‹ã€å…«ã€æŸ¥çœ‹å¯†ç ç­–ç•¥ & ä¿®æ”¹å¯†ç ç­–ç•¥å’ŒAuthentication Pluginã€‘

### 4ã€ã€æˆåŠŸã€‘

![img](media_MySQL/002.png)











